## smarctl

```bash
dnf install -y smartmontools
```

### NVME 硬盘

首先找到固态盘的设备名

```bash
smartctl -a /dev/nvme0
```

得到输出

```bash
# ...
SMART/Health Information (NVMe Log 0x02)
Critical Warning:                   0x00
Temperature:                        40 Celsius
Available Spare:                    100%
Available Spare Threshold:          1%
Percentage Used:                    0%
Data Units Read:                    495,622 [253 GB]
Data Units Written:                 427,742 [219 GB]
Host Read Commands:                 2,567,076
Host Write Commands:                494,270
Controller Busy Time:               10
Power Cycles:                       12
Power On Hours:                     1,781
Unsafe Shutdowns:                   6
Media and Data Integrity Errors:    0
Error Information Log Entries:      39
Warning  Comp. Temperature Time:    0
Critical Comp. Temperature Time:    0
Temperature Sensor 1:               50 Celsius
Temperature Sensor 2:               51 Celsius
Temperature Sensor 3:               52 Celsius
Temperature Sensor 4:               53 Celsius
Temperature Sensor 5:               54 Celsius
Temperature Sensor 6:               55 Celsius
Temperature Sensor 7:               56 Celsius
Temperature Sensor 8:               57 Celsius

Error Information (NVMe Log 0x01, 16 of 64 entries)
Num   ErrCount  SQId   CmdId  Status  PELoc          LBA  NSID    VS
  0         39     0  0x000e  0x2002  0x000            0     0     -

```

指标含义

- Critical Warning 警告状态
  - RAW 数值显示 0 为正常无警告
  - 1 为过热警告
  - 2 为闪存介质引起的内部错误导致可靠性降级
  - 3 为闪存进入只读状态
  - 4 为增强型断电保护功能失效（只针对有该特性的固态硬盘）

正常情况下 Critical Warning 的 RAW 属性值应为 0，当显示为 1 时代表 NVMe 固态硬盘已经过热，需要改善散热条件或降低工作负载。属性值为 2 时应考虑返修或更换新硬盘，当属性值为 3 时硬盘已经进入只读状态，无法正常工作，应抓紧时间备份其中的数据。家用固态硬盘通常不会配备增强型断电保护（完整断电保护），所以通常该项目不会显示为 4。

-  Temperature 当前温度（十进制显示）

-  Available Spare 可用冗余空间（百分比显示）

指示当前固态硬盘可用于替换坏块的保留备用块占出厂备用块总数量的百分比。该数值从出厂时的 100% 随使用过程降低，直至到零。Available Spare 归零之前就有可能产生不可预料的故障，所以不要等到该项目彻底归零才考虑更换新硬盘。

- Available Spare Threshold 备用空间阈值

与 Available Spare 相关，当 Available Spare 的数值低于 Available Spare Threshold 所定义的阈值之后，固态硬盘被认为达到极限状态，此时系统可能会发出可靠性警告。该项数值由厂商定义，通常为 10% 或 0%。

- Percentage Used 已使用的写入耐久度（百分比显示）

该项显示已产生的写入量占厂商定义总写入寿命的百分比。该项数值为动态显示，计算结果与写入量及固态硬盘的 TBW 总写入量指标有关。新盘状态下该项目为 0%

- Data Units Read 读取扇区计数（1000）

该项数值乘以 1000 后即为读取的扇区（512Byte）数量统计。

- Data Units Write 写入扇区计数（1000）

该项数值乘以 1000 后即为写入的扇区（512Byte）数量统计。

- Host Read Commands 读取命令计数

硬盘生命周期内累计接收到的读取命令数量统计。

- Host Write Commands 写入命令计数

硬盘生命周期内累计接收到的写入命令数量统计。

- Controller Busy Time 主控繁忙时间计数

该项统计的是主控忙于处理 IO 命令的时间总和（单位：分钟）。当 IO 队列有未完成的命令时，主控即处于 “忙” 的状态。

- Power Cycles 通电次数

- Power On Hours 通电时间

- Unsafe Shut downs 不安全关机次数（异常断电计数）

- Media and Data Integrity Errors 闪存和数据完整性错误

主控检测到未恢复的数据完整性错误的次数。正常情况下主控不应检测到数据完整性错误（纠错应该在此之前完成），当有不可校正的 ECC、CRC 校验失败或者 LBA 标签不匹配错误发生时，该数值会增加。正常情况应保持为零。

- Number of Error Information Log Entries 错误日志条目计数

控制器使用期限内，发生的错误信息日志条目的数量统计。正常情况该项目应为零。

以下项目为非标准项，并非所有 NVMe SSD 都支持显示。

- Warning Composite Temperature Time 过热警告时间
- Critical Composite Temperature Time 过热临界温度时间
- Temperature Sensor X：多个温度传感器（若存在）的读数

### 机械硬盘

```bash
Vendor Specific SMART Attributes with Thresholds:
ID# ATTRIBUTE_NAME          FLAG     VALUE WORST THRESH TYPE      UPDATED  WHEN_FAILED RAW_VALUE
  1 Raw_Read_Error_Rate     0x000f   073   064   044    Pre-fail  Always       -       22186673
  3 Spin_Up_Time            0x0003   092   090   000    Pre-fail  Always       -       0
  4 Start_Stop_Count        0x0032   100   100   020    Old_age   Always       -       63
  5 Reallocated_Sector_Ct   0x0033   100   100   010    Pre-fail  Always       -       0
  7 Seek_Error_Rate         0x000f   084   060   045    Pre-fail  Always       -       257355222
  9 Power_On_Hours          0x0032   072   072   000    Old_age   Always       -       24610
 10 Spin_Retry_Count        0x0013   100   100   097    Pre-fail  Always       -       0
 12 Power_Cycle_Count       0x0032   100   100   020    Old_age   Always       -       66
 18 Unknown_Attribute       0x000b   100   100   050    Pre-fail  Always       -       0
187 Reported_Uncorrect      0x0032   100   100   000    Old_age   Always       -       0
188 Command_Timeout         0x0032   100   100   000    Old_age   Always       -       0
190 Airflow_Temperature_Cel 0x0022   060   053   000    Old_age   Always       -       40 (Min/Max 38/40)
192 Power-Off_Retract_Count 0x0032   100   100   000    Old_age   Always       -       34
193 Load_Cycle_Count        0x0032   090   090   000    Old_age   Always       -       20217
194 Temperature_Celsius     0x0022   040   047   000    Old_age   Always       -       40 (0 19 0 0 0)
197 Current_Pending_Sector  0x0012   100   100   000    Old_age   Always       -       0
198 Offline_Uncorrectable   0x0010   100   100   000    Old_age   Offline      -       0
199 UDMA_CRC_Error_Count    0x003e   200   200   000    Old_age   Always       -       0
200 Multi_Zone_Error_Rate   0x0023   100   100   001    Pre-fail  Always       -       0
240 Head_Flying_Hours       0x0000   100   253   000    Old_age   Offline      -       8295 (111 224 0)
241 Total_LBAs_Written      0x0000   100   253   000    Old_age   Offline      -       57384955719
242 Total_LBAs_Read         0x0000   100   253   000    Old_age   Offline      -       14863026154576
```

- `Reallocated_Sector_Ct`：已重映射的坏扇区数，非 0 即代表存在物理坏道

- `Current_Pending_Sector`：待映射的疑似坏扇区，数值增长需警惕
- `Offline_Uncorrectable`：离线无法修复的扇区，直接反映坏道问题
- 温度（Temperature_Celsius）：若持续超过 50℃，可能影响硬盘寿命，需检查散热。
- 寻道错误（Seek_Error_Rate）：数值异常升高可能预示机械部件故障。

```bash
smartctl -a /dev/sdb |grep -E 'Reallocated_Sector_Ct|Current_Pending_Sector|Offline_Uncorrectable|Temperature_Celsius|Seek_Error_Rate'
```

#### 坏道检测

执行短检测

```bash
smartctl -t short /dev/sda
```

执行长检测

```bash
smartctl -t long /dev/sda
```

查看结果

```bash
# 查看所有测试报告
smartctl -l selftest /dev/sda

# 查看 SMART 健康状态
smartctl -H /dev/sda

# 查看 SMART 属性，包括坏道相关信息
smartctl -A /dev/sda
```

## badblocks

`badblocks` 可直接扫描硬盘物理坏道，分为非破坏性和破坏性扫描

非破坏性扫描（推荐，不影响数据）：

```bash
badblocks -v /dev/sda > badblocks_result.txt
```

破坏性扫描（需谨慎，需先备份数据）：

```bash
badblocks -w /dev/sda
```

## wipefs

检查分区表

```bash
wipefs /dev/sdb
```

清除所有分区表

```bash
wipefs -a -f /dev/sdb
```

## dysk

- <https://github.com/Canop/dysk/releases>

运行 dysk 会看到一个漂亮的表格，默认显示文件系统（fs）、类型（type）、磁盘（disk）、已用空间（used）、使用率（use）、剩余空间（free）、总大小（size）和挂载点（mp）

用 `dysk -c all`，就能显示所有可用列，比如设备 ID（dev）、节点数（inodes）等

只显示指定的列

```bash
dysk -c fs+mount+use+free+inodes_use_percent+inodes_free
```

按照使用率排序

```bash
dysk -s use-desc
```

筛选磁盘

```bash
dysk -f 'size>100G'
```

## 参考资料

- <https://blog.csdn.net/qq_24343177/article/details/122521952>
- <https://www.cnblogs.com/dewan/p/18228750>

